\BOOKMARK [1][-]{section.1}{\376\377\000I\000n\000t\000r\000o\000d\000u\000c\000t\000i\000o\000n}{}% 1
\BOOKMARK [1][-]{section.2}{\376\377\000R\000e\000l\000a\000t\000e\000d\000\040\000W\000o\000r\000k}{}% 2
\BOOKMARK [2][-]{subsection.2.1}{\376\377\000H\000a\000r\000d\000w\000a\000r\000e\000-\000B\000a\000s\000e\000d\000\040\000a\000n\000d\000\040\000B\000i\000o\000m\000e\000t\000r\000i\000c\000\040\000A\000p\000p\000r\000o\000a\000c\000h\000e\000s}{section.2}% 3
\BOOKMARK [2][-]{subsection.2.2}{\376\377\000S\000t\000a\000t\000i\000c\000\040\000C\000o\000m\000p\000u\000t\000e\000r\000\040\000V\000i\000s\000i\000o\000n\000\040\000M\000e\000t\000h\000o\000d\000s}{section.2}% 4
\BOOKMARK [2][-]{subsection.2.3}{\376\377\000I\000d\000e\000n\000t\000i\000t\000y\000\040\000V\000e\000r\000i\000f\000i\000c\000a\000t\000i\000o\000n}{section.2}% 5
\BOOKMARK [2][-]{subsection.2.4}{\376\377\000T\000e\000m\000p\000o\000r\000a\000l\000\040\000a\000n\000d\000\040\000S\000e\000q\000u\000e\000n\000t\000i\000a\000l\000\040\000M\000e\000t\000h\000o\000d\000s}{section.2}% 6
\BOOKMARK [2][-]{subsection.2.5}{\376\377\000E\000x\000p\000l\000a\000i\000n\000a\000b\000i\000l\000i\000t\000y\000\040\000i\000n\000\040\000H\000i\000g\000h\000-\000S\000t\000a\000k\000e\000s\000\040\000A\000I}{section.2}% 7
\BOOKMARK [1][-]{section.3}{\376\377\000D\000a\000t\000a\000s\000e\000t\000\040\000a\000n\000d\000\040\000D\000a\000t\000a\000\040\000P\000r\000o\000v\000e\000n\000a\000n\000c\000e}{}% 8
\BOOKMARK [2][-]{subsection.3.1}{\376\377\000D\000a\000t\000a\000s\000e\000t\000\040\000D\000e\000s\000c\000r\000i\000p\000t\000i\000o\000n}{section.3}% 9
\BOOKMARK [2][-]{subsection.3.2}{\376\377\000D\000a\000t\000a\000\040\000P\000r\000e\000p\000r\000o\000c\000e\000s\000s\000i\000n\000g\000,\000\040\000A\000u\000g\000m\000e\000n\000t\000a\000t\000i\000o\000n\000,\000\040\000a\000n\000d\000\040\000R\000o\000b\000u\000s\000t\000n\000e\000s\000s\000\040\000T\000r\000a\000i\000n\000i\000n\000g}{section.3}% 10
\BOOKMARK [3][-]{subsubsection.3.2.1}{\376\377\000V\000i\000s\000u\000a\000l\000\040\000P\000r\000e\000p\000r\000o\000c\000e\000s\000s\000i\000n\000g\000\040\000a\000n\000d\000\040\000G\000e\000o\000m\000e\000t\000r\000i\000c\000\040\000A\000l\000i\000g\000n\000m\000e\000n\000t}{subsection.3.2}% 11
\BOOKMARK [3][-]{subsubsection.3.2.2}{\376\377\000M\000u\000l\000t\000i\000-\000M\000o\000d\000a\000l\000\040\000D\000a\000t\000a\000\040\000A\000u\000g\000m\000e\000n\000t\000a\000t\000i\000o\000n}{subsection.3.2}% 12
\BOOKMARK [3][-]{subsubsection.3.2.3}{\376\377\000H\000y\000p\000e\000r\000p\000a\000r\000a\000m\000e\000t\000e\000r\000s\000\040\000a\000n\000d\000\040\000O\000p\000t\000i\000m\000i\000z\000a\000t\000i\000o\000n\000\040\000P\000r\000o\000t\000o\000c\000o\000l}{subsection.3.2}% 13
\BOOKMARK [2][-]{subsection.3.3}{\376\377\000E\000t\000h\000i\000c\000a\000l\000\040\000a\000n\000d\000\040\000P\000r\000a\000c\000t\000i\000c\000a\000l\000\040\000R\000a\000t\000i\000o\000n\000a\000l\000e\000\040\000f\000o\000r\000\040\000S\000y\000n\000t\000h\000e\000t\000i\000c\000\040\000M\000o\000d\000e\000l\000i\000n\000g}{section.3}% 14
\BOOKMARK [2][-]{subsection.3.4}{\376\377\000L\000i\000m\000i\000t\000a\000t\000i\000o\000n\000s\000\040\000o\000f\000\040\000S\000y\000n\000t\000h\000e\000t\000i\000c\000\040\000E\000v\000a\000l\000u\000a\000t\000i\000o\000n}{section.3}% 15
\BOOKMARK [1][-]{section.4}{\376\377\000P\000r\000o\000b\000l\000e\000m\000\040\000F\000o\000r\000m\000u\000l\000a\000t\000i\000o\000n}{}% 16
\BOOKMARK [1][-]{section.5}{\376\377\000S\000y\000s\000t\000e\000m\000\040\000A\000r\000c\000h\000i\000t\000e\000c\000t\000u\000r\000e}{}% 17
\BOOKMARK [2][-]{subsection.5.1}{\376\377\000S\000t\000a\000g\000e\000\040\0001\000:\000\040\000E\000n\000r\000o\000l\000l\000m\000e\000n\000t\000\040\000a\000n\000d\000\040\000I\000d\000e\000n\000t\000i\000t\000y\000\040\000A\000n\000c\000h\000o\000r\000i\000n\000g}{section.5}% 18
\BOOKMARK [2][-]{subsection.5.2}{\376\377\000S\000t\000a\000g\000e\000\040\0002\000:\000\040\000P\000e\000r\000-\000F\000r\000a\000m\000e\000\040\000S\000i\000g\000n\000a\000l\000\040\000E\000x\000t\000r\000a\000c\000t\000i\000o\000n}{section.5}% 19
\BOOKMARK [3][-]{subsubsection.5.2.1}{\376\377\000I\000d\000e\000n\000t\000i\000t\000y\000\040\000I\000n\000s\000t\000a\000b\000i\000l\000i\000t\000y\000\040\000M\000o\000d\000e\000l\000\040\000\050\000I\000I\000M\000\051}{subsection.5.2}% 20
\BOOKMARK [3][-]{subsubsection.5.2.2}{\376\377\000P\000r\000e\000s\000e\000n\000c\000e\000\040\000a\000n\000d\000\040\000A\000t\000t\000e\000n\000t\000i\000v\000e\000n\000e\000s\000s\000\040\000M\000o\000d\000e\000l\000\040\000\050\000P\000A\000M\000\051}{subsection.5.2}% 21
\BOOKMARK [3][-]{subsubsection.5.2.3}{\376\377\000L\000o\000n\000g\000-\000T\000e\000r\000m\000\040\000D\000r\000i\000f\000t\000\040\000D\000e\000t\000e\000c\000t\000o\000r\000\040\000\050\000L\000D\000D\000\051}{subsection.5.2}% 22
\BOOKMARK [3][-]{subsubsection.5.2.4}{\376\377\000G\000a\000z\000e\000\040\000A\000t\000t\000e\000n\000t\000i\000v\000e\000n\000e\000s\000s\000\040\000M\000o\000d\000e\000l\000\040\000\050\000G\000A\000M\000\051}{subsection.5.2}% 23
\BOOKMARK [3][-]{subsubsection.5.2.5}{\376\377\000H\000e\000a\000d\000-\000G\000a\000z\000e\000\040\000D\000y\000n\000a\000m\000i\000c\000s\000\040\000M\000o\000d\000e\000l\000\040\000\050\000H\000G\000D\000M\000\051}{subsection.5.2}% 24
\BOOKMARK [3][-]{subsubsection.5.2.6}{\376\377\000A\000c\000o\000u\000s\000t\000i\000c\000\040\000A\000n\000o\000m\000a\000l\000y\000\040\000M\000o\000d\000e\000l\000\040\000\050\000A\000A\000M\000\051}{subsection.5.2}% 25
\BOOKMARK [2][-]{subsection.5.3}{\376\377\000S\000t\000a\000g\000e\000\040\0003\000:\000\040\000P\000r\000o\000b\000a\000b\000i\000l\000i\000s\000t\000i\000c\000\040\000R\000i\000s\000k\000\040\000F\000u\000s\000i\000o\000n}{section.5}% 26
\BOOKMARK [2][-]{subsection.5.4}{\376\377\000E\000p\000i\000s\000t\000e\000m\000i\000c\000\040\000a\000n\000d\000\040\000A\000l\000e\000a\000t\000o\000r\000i\000c\000\040\000U\000n\000c\000e\000r\000t\000a\000i\000n\000t\000y\000\040\000D\000i\000s\000e\000n\000t\000a\000n\000g\000l\000e\000m\000e\000n\000t}{section.5}% 27
\BOOKMARK [2][-]{subsection.5.5}{\376\377\000R\000e\000a\000l\000-\000T\000i\000m\000e\000\040\000T\000e\000m\000p\000o\000r\000a\000l\000\040\000S\000m\000o\000o\000t\000h\000i\000n\000g\000,\000\040\000D\000y\000n\000a\000m\000i\000c\000\040\000S\000t\000r\000i\000c\000t\000n\000e\000s\000s\000,\000\040\000a\000n\000d\000\040\000U\000n\000c\000e\000r\000t\000a\000i\000n\000t\000y\000-\000G\000a\000t\000e\000\040\000F\000i\000l\000t\000e\000r\000s}{section.5}% 28
\BOOKMARK [2][-]{subsection.5.6}{\376\377\000T\000e\000m\000p\000o\000r\000a\000l\000\040\000M\000e\000m\000o\000r\000y\000\040\000S\000a\000t\000u\000r\000a\000t\000i\000o\000n\000\040\000a\000n\000d\000\040\000H\000e\000u\000r\000i\000s\000t\000i\000c\000\040\000F\000a\000s\000t\000-\000R\000e\000c\000o\000v\000e\000r\000y\000\040\000D\000y\000n\000a\000m\000i\000c\000s}{section.5}% 29
\BOOKMARK [1][-]{section.6}{\376\377\000E\000x\000p\000e\000r\000i\000m\000e\000n\000t\000a\000l\000\040\000S\000e\000t\000u\000p}{}% 30
\BOOKMARK [2][-]{subsection.6.1}{\376\377\000B\000e\000h\000a\000v\000i\000o\000r\000a\000l\000\040\000C\000l\000a\000s\000s\000\040\000T\000a\000x\000o\000n\000o\000m\000y}{section.6}% 31
\BOOKMARK [3][-]{subsubsection.6.1.1}{\376\377\000E\000x\000p\000e\000r\000t\000\040\000S\000p\000e\000c\000i\000a\000l\000i\000z\000a\000t\000i\000o\000n\000\040\000\050\000S\000t\000a\000g\000e\000\040\0001\000\051}{subsection.6.1}% 32
\BOOKMARK [3][-]{subsubsection.6.1.2}{\376\377\000T\000e\000m\000p\000o\000r\000a\000l\000\040\000R\000i\000s\000k\000\040\000F\000u\000s\000i\000o\000n\000\040\000\050\000S\000t\000a\000g\000e\000\040\0002\000\051}{subsection.6.1}% 33
\BOOKMARK [2][-]{subsection.6.2}{\376\377\000E\000v\000a\000l\000u\000a\000t\000i\000o\000n\000\040\000M\000e\000t\000r\000i\000c\000s}{section.6}% 34
\BOOKMARK [1][-]{section.7}{\376\377\000R\000e\000s\000u\000l\000t\000s}{}% 35
\BOOKMARK [2][-]{subsection.7.1}{\376\377\000S\000i\000g\000n\000a\000l\000\040\000A\000b\000l\000a\000t\000i\000o\000n}{section.7}% 36
\BOOKMARK [2][-]{subsection.7.2}{\376\377\000G\000a\000z\000e\000\040\000S\000i\000g\000n\000a\000l\000\040\000A\000b\000l\000a\000t\000i\000o\000n}{section.7}% 37
\BOOKMARK [2][-]{subsection.7.3}{\376\377\000B\000a\000s\000e\000l\000i\000n\000e\000\040\000C\000o\000m\000p\000a\000r\000i\000s\000o\000n}{section.7}% 38
\BOOKMARK [2][-]{subsection.7.4}{\376\377\000S\000t\000a\000t\000e\000-\000o\000f\000-\000t\000h\000e\000-\000A\000r\000t\000\040\000L\000i\000t\000e\000r\000a\000t\000u\000r\000e\000\040\000C\000o\000m\000p\000a\000r\000i\000s\000o\000n}{section.7}% 39
\BOOKMARK [2][-]{subsection.7.5}{\376\377\000E\000r\000r\000o\000r\000\040\000A\000n\000a\000l\000y\000s\000i\000s\000\040\000a\000n\000d\000\040\000E\000d\000g\000e\000\040\000C\000a\000s\000e\000s}{section.7}% 40
\BOOKMARK [2][-]{subsection.7.6}{\376\377\000S\000e\000q\000u\000e\000n\000c\000e\000\040\000L\000e\000n\000g\000t\000h\000\040\000S\000e\000n\000s\000i\000t\000i\000v\000i\000t\000y}{section.7}% 41
\BOOKMARK [2][-]{subsection.7.7}{\376\377\000N\000o\000i\000s\000e\000\040\000R\000o\000b\000u\000s\000t\000n\000e\000s\000s}{section.7}% 42
\BOOKMARK [2][-]{subsection.7.8}{\376\377\000C\000a\000l\000i\000b\000r\000a\000t\000i\000o\000n\000\040\000A\000n\000a\000l\000y\000s\000i\000s}{section.7}% 43
\BOOKMARK [2][-]{subsection.7.9}{\376\377\000R\000i\000s\000k\000\040\000T\000r\000a\000j\000e\000c\000t\000o\000r\000y\000\040\000A\000n\000a\000l\000y\000s\000i\000s}{section.7}% 44
\BOOKMARK [2][-]{subsection.7.10}{\376\377\000T\000e\000m\000p\000o\000r\000a\000l\000\040\000S\000m\000o\000o\000t\000h\000i\000n\000g\000\040\000a\000n\000d\000\040\000S\000t\000r\000i\000c\000t\000n\000e\000s\000s\000\040\000V\000a\000l\000i\000d\000a\000t\000i\000o\000n}{section.7}% 45
\BOOKMARK [2][-]{subsection.7.11}{\376\377\000P\000o\000s\000e\000-\000G\000a\000z\000e\000\040\000D\000e\000c\000o\000u\000p\000l\000i\000n\000g}{section.7}% 46
\BOOKMARK [2][-]{subsection.7.12}{\376\377\000C\000o\000m\000p\000u\000t\000a\000t\000i\000o\000n\000a\000l\000\040\000C\000o\000m\000p\000l\000e\000x\000i\000t\000y}{section.7}% 47
\BOOKMARK [1][-]{section.8}{\376\377\000T\000e\000m\000p\000o\000r\000a\000l\000\040\000I\000n\000t\000e\000r\000p\000r\000e\000t\000a\000b\000i\000l\000i\000t\000y}{}% 48
\BOOKMARK [1][-]{section.9}{\376\377\000D\000i\000s\000c\000u\000s\000s\000i\000o\000n}{}% 49
\BOOKMARK [2][-]{subsection.9.1}{\376\377\000P\000r\000i\000m\000a\000c\000y\000\040\000o\000f\000\040\000L\000o\000n\000g\000-\000H\000o\000r\000i\000z\000o\000n\000\040\000D\000r\000i\000f\000t\000\040\000D\000e\000t\000e\000c\000t\000i\000o\000n}{section.9}% 50
\BOOKMARK [2][-]{subsection.9.2}{\376\377\000V\000a\000l\000u\000e\000\040\000o\000f\000\040\000T\000e\000m\000p\000o\000r\000a\000l\000\040\000O\000r\000d\000e\000r\000i\000n\000g}{section.9}% 51
\BOOKMARK [2][-]{subsection.9.3}{\376\377\000C\000r\000o\000s\000s\000-\000M\000o\000d\000a\000l\000\040\000C\000o\000n\000s\000i\000s\000t\000e\000n\000c\000y\000\040\000C\000h\000e\000c\000k\000i\000n\000g}{section.9}% 52
\BOOKMARK [2][-]{subsection.9.4}{\376\377\000U\000n\000c\000e\000r\000t\000a\000i\000n\000t\000y\000-\000A\000w\000a\000r\000e\000\040\000F\000a\000l\000s\000e\000\040\000P\000o\000s\000i\000t\000i\000v\000e\000\040\000M\000i\000t\000i\000g\000a\000t\000i\000o\000n}{section.9}% 53
\BOOKMARK [2][-]{subsection.9.5}{\376\377\000D\000e\000p\000l\000o\000y\000m\000e\000n\000t\000\040\000C\000o\000n\000s\000i\000d\000e\000r\000a\000t\000i\000o\000n\000s}{section.9}% 54
\BOOKMARK [1][-]{section.10}{\376\377\000E\000t\000h\000i\000c\000a\000l\000\040\000C\000o\000n\000s\000i\000d\000e\000r\000a\000t\000i\000o\000n\000s\000\040\000a\000n\000d\000\040\000L\000i\000m\000i\000t\000a\000t\000i\000o\000n\000s}{}% 55
\BOOKMARK [2][-]{subsection.10.1}{\376\377\000E\000t\000h\000i\000c\000a\000l\000\040\000D\000e\000s\000i\000g\000n}{section.10}% 56
\BOOKMARK [2][-]{subsection.10.2}{\376\377\000D\000e\000m\000o\000g\000r\000a\000p\000h\000i\000c\000\040\000B\000i\000a\000s}{section.10}% 57
\BOOKMARK [2][-]{subsection.10.3}{\376\377\000L\000i\000m\000i\000t\000a\000t\000i\000o\000n\000s}{section.10}% 58
\BOOKMARK [1][-]{section.11}{\376\377\000C\000o\000n\000c\000l\000u\000s\000i\000o\000n}{}% 59
\BOOKMARK [1][-]{section*.1}{\376\377\000R\000e\000f\000e\000r\000e\000n\000c\000e\000s}{}% 60
\BOOKMARK [1][-]{IEEEbiography.0}{\376\377\000B\000i\000o\000g\000r\000a\000p\000h\000i\000e\000s}{}% 61
\BOOKMARK [2][-]{IEEEbiography.1}{\376\377\000S\000h\000y\000a\000m\000\040\000S\000a\000r\000a\000n\000\040\000P}{IEEEbiography.0}% 62
